SQL> SELECT * FROM students;

SID                  NAME                           LOGIN                       
-------------------- ------------------------------ --------------------        
       AGE        GPA                                                           
---------- ----------                                                           
5688                 Gavin                          smith@ee                    
        18        3.2                                                           
                                                                                

SQL> INSERT INTO students (sid, name, login, age, gpa)
  2  VALUES (588, 'Gavin', 'op@ee', 19, 3.8);

1 row created.

SQL> UPDATE students S
  2  SET S.age = S.age + 1, S.gpa = S.gpa + 0.1
  3  WHERE S.name = 'Gavin';

2 rows updated.

SQL> SELECT * FROM students
  2  ;

SID                  NAME                           LOGIN                       
-------------------- ------------------------------ --------------------        
       AGE        GPA                                                           
---------- ----------                                                           
5688                 Gavin                          smith@ee                    
        19        3.3                                                           
                                                                                
588                  Gavin                          op@ee                       
        20        3.9                                                           
                                                                                

SQL> UPDATE students s
  2  SET S.gpa = S.gpa + 0.1
  3  WHERE S.gpa < 3.5;

1 row updated.

SQL> DROP TABLE students;

Table dropped.

SQL> SELECT table_name FROM user_tables;

TABLE_NAME                                                                      
--------------------------------------------------------------------------------
OFFICE                                                                          
ENGINEER                                                                        
PROJECT                                                                         
APPLICATION                                                                     
MAINTAIN                                                                        
RESEARCH                                                                        

6 rows selected.

SQL> CREATE TABLE students(
  2      sid     CHAR(20),
  3      name    CHAR(30),
  4      login   CHAR(20),
  5      age     INTEGER,
  6      gpa     REAL,
  7      UNIQUE (login),
  8      CONSTRAINT studentKey PRIMARY KEY (sid)
  9  );

Table created.

SQL> INSERT INTO students (sid, name, login, age, gpa)
  2  VALUES (588, 'Gavin', 'op@ee', 19, 3.8);

1 row created.

SQL> INSERT INTO students (sid, name, login, age, gpa)
  2  VALUES (1588, 'OP', '123@ee', 18, 3.2);

1 row created.

SQL> SELECT * FROM students
  2  ;

SID                  NAME                           LOGIN                       
-------------------- ------------------------------ --------------------        
       AGE        GPA                                                           
---------- ----------                                                           
588                  Gavin                          op@ee                       
        19        3.8                                                           
                                                                                
1588                 OP                             123@ee                      
        18        3.2                                                           
                                                                                

SQL> 
SQL> CREATE TABLE courses(
  2      cid     CHAR(20),
  3      cname   CHAR(20),
  4      credits INTEGER,
  5      CONSTRAINT courseKey PRIMARY KEY (cid)
  6  );

Table created.

SQL> 
SQL> CREATE TABLE enrolled(
  2      sid     CHAR(20),
  3      cid     CHAR(20),
  4      grade   CHAR(10),
  5      PRIMARY KEY (sid, cid),
  6      FOREIGN KEY (sid) REFERENCES students,
  7      FOREIGN KEY (cid) REFERENCES courses
  8  )
  9  
SQL> CREATE TABLE enrolled(
  2      sid     CHAR(20),
  3      cid     CHAR(20),
  4      grade   CHAR(10),
  5      PRIMARY KEY (sid, cid),
  6      FOREIGN KEY (sid) REFERENCES students,
  7      FOREIGN KEY (cid) REFERENCES courses
  8  );

Table created.

SQL> SELECT table_name FROM user_tables;

TABLE_NAME                                                                      
--------------------------------------------------------------------------------
STUDENTS                                                                        
COURSES                                                                         
ENROLLED                                                                        
OFFICE                                                                          
ENGINEER                                                                        
PROJECT                                                                         
APPLICATION                                                                     
MAINTAIN                                                                        
RESEARCH                                                                        

9 rows selected.

SQL> DROP TABLE enrolled
  2  ;

Table dropped.

SQL> CREATE TABLE enrolled(
  2      sid     CHAR(20),
  3      cid     CHAR(20),
  4      grade   CHAR(10),
  5      PRIMARY KEY (sid, cid),
  6      FOREIGN KEY (sid) REFERENCES students ON DELETE CASCADE ON UPDATE CASCADE,
  7      FOREIGN KEY (cid) REFERENCES courses ON DELETE CASCADE ON UPDATE CASCADE
  8  );
    FOREIGN KEY (sid) REFERENCES students ON DELETE CASCADE ON UPDATE CASCADE,
                                                            *
ERROR at line 6:
ORA-00907: missing right parenthesis 


SQL> 
SQL> CREATE TABLE enrolled(
  2      sid     CHAR(20),
  3      cid     CHAR(20),
  4      grade   CHAR(10),
  5      PRIMARY KEY (sid, cid),
  6      FOREIGN KEY (sid) REFERENCES students ON DELETE CASCADE ON UPDATE CASCADE,
  7      FOREIGN KEY (cid) REFERENCES courses ON DELETE CASCADE ON UPDATE CASCADE
  8  );
    FOREIGN KEY (sid) REFERENCES students ON DELETE CASCADE ON UPDATE CASCADE,
                                                            *
ERROR at line 6:
ORA-00907: missing right parenthesis 


SQL> DROP TABLE enrolled;
DROP TABLE enrolled
           *
ERROR at line 1:
ORA-00942: table or view does not exist 


SQL> SELECT table_names FROM user_tables;
SELECT table_names FROM user_tables
       *
ERROR at line 1:
ORA-00904: "TABLE_NAMES": invalid identifier 


SQL> SELECT table_name FROM user_tables;

TABLE_NAME                                                                      
--------------------------------------------------------------------------------
STUDENTS                                                                        
COURSES                                                                         
OFFICE                                                                          
ENGINEER                                                                        
PROJECT                                                                         
APPLICATION                                                                     
MAINTAIN                                                                        
RESEARCH                                                                        

8 rows selected.

SQL> ;;;;;;;;;;;;;;;;;;;;;;;;;;;;;;;;;;;;;;;;;;;;;;;;;;;;;;;;;;;;;;;;;;;;;;;;;;;;;;;;;;;;;;
SP2-0734: unknown command beginning ";;;;;;;;;;..." - rest of line ignored.
SQL> 
SQL> CREATE TABLE enrolled(
  2      sid     CHAR(20),
  3      cid     CHAR(20),
  4      grade   CHAR(10),
  5      PRIMARY KEY (sid, cid),
  6      FOREIGN KEY (sid) REFERENCES students ON DELETE CASCADE ON UPDATE CASCADE,
  7      FOREIGN KEY (cid) REFERENCES courses ON DELETE CASCADE ON UPDATE CASCADE
  8  );
    FOREIGN KEY (sid) REFERENCES students ON DELETE CASCADE ON UPDATE CASCADE,
                                                            *
ERROR at line 6:
ORA-00907: missing right parenthesis 


SQL> CREATE TABLE enrolled(
  2      sid     CHAR(20),
  3      cid     CHAR(20),
  4      grade   CHAR(10),
  5      PRIMARY KEY (sid, cid),
  6   FOREIGN KEY (sid) REFERENCES students ON DELETE CASCADE ON UPDATE CASCADE,
  7  FOREIGN KEY (cid) REFERENCES courses ON DELETE CASCADE ON UPDATE CASCADE
  8  );
 FOREIGN KEY (sid) REFERENCES students ON DELETE CASCADE ON UPDATE CASCADE,
                                                         *
ERROR at line 6:
ORA-00907: missing right parenthesis 


SQL> CREATE TABLE enrolled(
  2      sid     CHAR(20),
  3      cid     CHAR(20),
  4      grade   CHAR(10),
  5      PRIMARY KEY (sid, cid),
  6      FOREIGN KEY (sid) REFERENCES students ON CASCADE,
  7      FOREIGN KEY (cid) REFERENCES courses ON CASCADE
  8  );
    FOREIGN KEY (sid) REFERENCES students ON CASCADE,
                                             *
ERROR at line 6:
ORA-00905: missing keyword 


SQL> CREATE TABLE enrolled(
  2      sid     CHAR(20),
  3      cid     CHAR(20),
  4      grade   CHAR(10),
  5      PRIMARY KEY (sid, cid),
  6      FOREIGN KEY (sid) REFERENCES students,
  7      FOREIGN KEY (cid) REFERENCES courses
  8  );

Table created.

SQL> drop table enrolled
  2  ;

Table dropped.

SQL> CREATE TABLE enrolled(
  2      sid     CHAR(20),
  3      cid     CHAR(20),
  4      grade   CHAR(10),
  5      PRIMARY KEY (sid, cid),
  6      FOREIGN KEY (sid) REFERENCES students ON DELETE CASCADE,
  7      FOREIGN KEY (cid) REFERENCES courses
  8  );

Table created.

SQL> drop table enrolled;

Table dropped.

SQL> CREATE TABLE enrolled(
  2      sid     CHAR(20),
  3      cid     CHAR(20),
  4      grade   CHAR(10),
  5      PRIMARY KEY (sid, cid),
  6      FOREIGN KEY (sid) REFERENCES students ON DELETE CASCADE,
  7      FOREIGN KEY (cid) REFERENCES courses ON DELETE CASCADE
  8  );

Table created.

SQL> drop table enrolled;

Table dropped.

SQL> CREATE TABLE enrolled(
  2      sid     CHAR(20),
  3      cid     CHAR(20),
  4      grade   CHAR(10),
  5      PRIMARY KEY (sid, cid),
  6      FOREIGN KEY (sid) REFERENCES students ON DELETE CASCADE ON UPDATE CASCADE,
  7      FOREIGN KEY (cid) REFERENCES courses ON DELETE CASCADE
  8  );
    FOREIGN KEY (sid) REFERENCES students ON DELETE CASCADE ON UPDATE CASCADE,
                                                            *
ERROR at line 6:
ORA-00907: missing right parenthesis 


SQL> CREATE TABLE enrolled(
  2      sid     CHAR(20),
  3      cid     CHAR(20),
  4      grade   CHAR(10),
  5      PRIMARY KEY (sid, cid),
  6      FOREIGN KEY (sid) REFERENCES students ON UPDATE CASCADE,
  7      FOREIGN KEY (cid) REFERENCES courses ON UPDATE CASCADE
  8  );
    FOREIGN KEY (sid) REFERENCES students ON UPDATE CASCADE,
                                             *
ERROR at line 6:
ORA-00905: missing keyword 


SQL> CREATE TABLE enrolled(
  2      sid     CHAR(20),
  3      cid     CHAR(20),
  4      grade   CHAR(10),
  5      PRIMARY KEY (sid, cid),
  6      FOREIGN KEY (sid) REFERENCES students(sid) ON UPDATE CASCADE,
  7      FOREIGN KEY (cid) REFERENCES courses(cid) ON UPDATE CASCADE
  8  );
    FOREIGN KEY (sid) REFERENCES students(sid) ON UPDATE CASCADE,
                                                  *
ERROR at line 6:
ORA-00905: missing keyword 


SQL> spool off
